[infom 2025-04-03 09:49:20][C:\zzj\PROJECT\TYM_SOFTWARE_PROJECT\FUXI_SOFTWARE\KUNLUN_Qt6\main.cpp:104] ####启动程序####
[infom 2025-04-03 09:49:22][C:\zzj\PROJECT\TYM_SOFTWARE_PROJECT\FUXI_SOFTWARE\KUNLUN_Qt6\BootArea\guide.cpp:112] PanGu sdk: 3.5.9.9
[infom 2025-04-03 09:49:22][C:\zzj\PROJECT\TYM_SOFTWARE_PROJECT\FUXI_SOFTWARE\KUNLUN_Qt6\BootArea\guide.cpp:116] FuXi sdk: 1.9.4
[infom 2025-04-03 09:49:24][C:\zzj\PROJECT\TYM_SOFTWARE_PROJECT\FUXI_SOFTWARE\KUNLUN_Qt6\BootArea\guide.cpp:58] 分析模式
[infom 2025-04-03 09:49:24][C:\zzj\PROJECT\TYM_SOFTWARE_PROJECT\FUXI_SOFTWARE\KUNLUN_Qt6\ImageShowWidget\colormapper.cpp:68] 颜色表大小:  65536
[infom 2025-04-03 09:49:50][C:\zzj\PROJECT\TYM_SOFTWARE_PROJECT\FUXI_SOFTWARE\KUNLUN_Qt6\custommainwindow.cpp:1146] 打开文件： "C:/Users/xqw/Desktop/金矿石扫图/TMR4215/120kv-4.1mA-2.3m.s.txt"
[infom 2025-04-03 09:50:03][C:\zzj\PROJECT\TYM_SOFTWARE_PROJECT\FUXI_SOFTWARE\KUNLUN_Qt6\custommainwindow.cpp:345] 打开窗宽窗位
[infom 2025-04-03 09:54:14][C:\zzj\PROJECT\TYM_SOFTWARE_PROJECT\FUXI_SOFTWARE\KUNLUN_Qt6\custommainwindow.cpp:1146] 打开文件： "C:/Users/xqw/Desktop/金矿石扫图/TMR4215/120kv-4.1mA-2.3m.s.txt"
[infom 2025-04-03 09:56:52][C:\zzj\PROJECT\TYM_SOFTWARE_PROJECT\FUXI_SOFTWARE\KUNLUN_Qt6\custommainwindow.cpp:345] 打开窗宽窗位
[infom 2025-04-03 12:11:16][C:\zzj\PROJECT\TYM_SOFTWARE_PROJECT\FUXI_SOFTWARE\KUNLUN_Qt6\custommainwindow.cpp:345] 打开窗宽窗位
[infom 2025-04-03 12:13:22][C:\zzj\PROJECT\TYM_SOFTWARE_PROJECT\FUXI_SOFTWARE\KUNLUN_Qt6\custommainwindow.cpp:345] 打开窗宽窗位
[infom 2025-04-03 12:23:10][C:\zzj\PROJECT\TYM_SOFTWARE_PROJECT\FUXI_SOFTWARE\KUNLUN_Qt6\custommainwindow.cpp:345] 打开窗宽窗位
[infom 2025-04-03 15:02:00][C:\zzj\PROJECT\TYM_SOFTWARE_PROJECT\FUXI_SOFTWARE\KUNLUN_Qt6\Windowing\windowing.cpp:82] 关闭窗宽窗位
[infom 2025-04-03 15:02:00][C:\zzj\PROJECT\TYM_SOFTWARE_PROJECT\FUXI_SOFTWARE\KUNLUN_Qt6\custommainwindow.cpp:262] 程序关闭#####
[infom 2025-04-03 15:04:52][C:\zzj\PROJECT\TYM_SOFTWARE_PROJECT\FUXI_SOFTWARE\KUNLUN_Qt6\main.cpp:104] ####启动程序####
[infom 2025-04-03 15:04:53][C:\zzj\PROJECT\TYM_SOFTWARE_PROJECT\FUXI_SOFTWARE\KUNLUN_Qt6\BootArea\guide.cpp:112] PanGu sdk: 3.5.9.9
[infom 2025-04-03 15:04:53][C:\zzj\PROJECT\TYM_SOFTWARE_PROJECT\FUXI_SOFTWARE\KUNLUN_Qt6\BootArea\guide.cpp:116] FuXi sdk: 1.9.4
[infom 2025-04-03 15:04:56][C:\zzj\PROJECT\TYM_SOFTWARE_PROJECT\FUXI_SOFTWARE\KUNLUN_Qt6\BootArea\guide.cpp:58] 分析模式
[infom 2025-04-03 15:04:56][C:\zzj\PROJECT\TYM_SOFTWARE_PROJECT\FUXI_SOFTWARE\KUNLUN_Qt6\ImageShowWidget\colormapper.cpp:68] 颜色表大小:  65536
[infom 2025-04-03 15:05:20][C:\zzj\PROJECT\TYM_SOFTWARE_PROJECT\FUXI_SOFTWARE\KUNLUN_Qt6\custommainwindow.cpp:1146] 打开文件： "C:/Users/xqw/Desktop/金矿石扫图/TLD4225/120kv-4mA-1.5m.s.txt"
[infom 2025-04-03 15:05:29][C:\zzj\PROJECT\TYM_SOFTWARE_PROJECT\FUXI_SOFTWARE\KUNLUN_Qt6\custommainwindow.cpp:345] 打开窗宽窗位
[infom 2025-04-03 15:06:49][C:\zzj\PROJECT\TYM_SOFTWARE_PROJECT\FUXI_SOFTWARE\KUNLUN_Qt6\Windowing\windowing.cpp:82] 关闭窗宽窗位
[infom 2025-04-03 15:07:25][C:\zzj\PROJECT\TYM_SOFTWARE_PROJECT\FUXI_SOFTWARE\KUNLUN_Qt6\custommainwindow.cpp:345] 打开窗宽窗位
[infom 2025-04-03 15:09:01][C:\zzj\PROJECT\TYM_SOFTWARE_PROJECT\FUXI_SOFTWARE\KUNLUN_Qt6\custommainwindow.cpp:345] 打开窗宽窗位
[infom 2025-04-03 15:09:37][C:\zzj\PROJECT\TYM_SOFTWARE_PROJECT\FUXI_SOFTWARE\KUNLUN_Qt6\Windowing\windowing.cpp:82] 关闭窗宽窗位
[infom 2025-04-03 15:12:20][C:\zzj\PROJECT\TYM_SOFTWARE_PROJECT\FUXI_SOFTWARE\KUNLUN_Qt6\custommainwindow.cpp:262] 程序关闭#####
