[infom 2024-12-02 09:03:34][C:\zzj\PROJECT\TYM_SOFTWARE_PROJECT\FUXI_SOFTWARE\KUNLUN_Qt6\main.cpp:104] ####启动程序####
[infom 2024-12-02 09:03:35][C:\zzj\PROJECT\TYM_SOFTWARE_PROJECT\FUXI_SOFTWARE\KUNLUN_Qt6\BootArea\guide.cpp:112] PanGu sdk: 3.5.9.9
[infom 2024-12-02 09:03:35][C:\zzj\PROJECT\TYM_SOFTWARE_PROJECT\FUXI_SOFTWARE\KUNLUN_Qt6\BootArea\guide.cpp:116] FuXi sdk: 1.9.4
[infom 2024-12-02 09:03:37][C:\zzj\PROJECT\TYM_SOFTWARE_PROJECT\FUXI_SOFTWARE\KUNLUN_Qt6\BootArea\guide.cpp:58] 分析模式
[infom 2024-12-02 09:03:37][C:\zzj\PROJECT\TYM_SOFTWARE_PROJECT\FUXI_SOFTWARE\KUNLUN_Qt6\ImageShowWidget\colormapper.cpp:68] 颜色表大小:  65536
[infom 2024-12-02 09:03:51][C:\zzj\PROJECT\TYM_SOFTWARE_PROJECT\FUXI_SOFTWARE\KUNLUN_Qt6\custommainwindow.cpp:1146] 打开文件： "C:/Users/xqw/Desktop/1.tif"
[infom 2024-12-02 09:04:05][C:\zzj\PROJECT\TYM_SOFTWARE_PROJECT\FUXI_SOFTWARE\KUNLUN_Qt6\custommainwindow.cpp:345] 打开窗宽窗位
[infom 2024-12-02 09:04:53][C:\zzj\PROJECT\TYM_SOFTWARE_PROJECT\FUXI_SOFTWARE\KUNLUN_Qt6\Windowing\windowing.cpp:82] 关闭窗宽窗位
[infom 2024-12-02 09:11:31][C:\zzj\PROJECT\TYM_SOFTWARE_PROJECT\FUXI_SOFTWARE\KUNLUN_Qt6\custommainwindow.cpp:262] 程序关闭#####
[infom 2024-12-02 16:46:21][C:\zzj\PROJECT\TYM_SOFTWARE_PROJECT\FUXI_SOFTWARE\KUNLUN_Qt6\main.cpp:104] ####启动程序####
[infom 2024-12-02 16:46:22][C:\zzj\PROJECT\TYM_SOFTWARE_PROJECT\FUXI_SOFTWARE\KUNLUN_Qt6\BootArea\guide.cpp:112] PanGu sdk: 3.5.9.9
[infom 2024-12-02 16:46:22][C:\zzj\PROJECT\TYM_SOFTWARE_PROJECT\FUXI_SOFTWARE\KUNLUN_Qt6\BootArea\guide.cpp:116] FuXi sdk: 1.9.4
[infom 2024-12-02 16:46:24][C:\zzj\PROJECT\TYM_SOFTWARE_PROJECT\FUXI_SOFTWARE\KUNLUN_Qt6\BootArea\guide.cpp:58] 分析模式
[infom 2024-12-02 16:46:24][C:\zzj\PROJECT\TYM_SOFTWARE_PROJECT\FUXI_SOFTWARE\KUNLUN_Qt6\ImageShowWidget\colormapper.cpp:68] 颜色表大小:  65536
[infom 2024-12-02 16:46:36][C:\zzj\PROJECT\TYM_SOFTWARE_PROJECT\FUXI_SOFTWARE\KUNLUN_Qt6\custommainwindow.cpp:1146] 打开文件： "C:/Users/xqw/Desktop/1.tif"
[infom 2024-12-02 16:46:42][C:\zzj\PROJECT\TYM_SOFTWARE_PROJECT\FUXI_SOFTWARE\KUNLUN_Qt6\main.cpp:104] ####启动程序####
[infom 2024-12-02 16:46:43][C:\zzj\PROJECT\TYM_SOFTWARE_PROJECT\FUXI_SOFTWARE\KUNLUN_Qt6\BootArea\guide.cpp:112] PanGu sdk: 3.5.9.9
[infom 2024-12-02 16:46:43][C:\zzj\PROJECT\TYM_SOFTWARE_PROJECT\FUXI_SOFTWARE\KUNLUN_Qt6\BootArea\guide.cpp:116] FuXi sdk: 1.9.4
[infom 2024-12-02 16:46:44][C:\zzj\PROJECT\TYM_SOFTWARE_PROJECT\FUXI_SOFTWARE\KUNLUN_Qt6\BootArea\guide.cpp:58] 分析模式
[infom 2024-12-02 16:46:44][C:\zzj\PROJECT\TYM_SOFTWARE_PROJECT\FUXI_SOFTWARE\KUNLUN_Qt6\ImageShowWidget\colormapper.cpp:68] 颜色表大小:  65536
[infom 2024-12-02 16:47:00][C:\zzj\PROJECT\TYM_SOFTWARE_PROJECT\FUXI_SOFTWARE\KUNLUN_Qt6\custommainwindow.cpp:1146] 打开文件： "C:/Users/xqw/Desktop/1_12.tif"
[infom 2024-12-02 16:49:11][C:\zzj\PROJECT\TYM_SOFTWARE_PROJECT\FUXI_SOFTWARE\KUNLUN_Qt6\custommainwindow.cpp:345] 打开窗宽窗位
[infom 2024-12-02 16:49:36][C:\zzj\PROJECT\TYM_SOFTWARE_PROJECT\FUXI_SOFTWARE\KUNLUN_Qt6\Windowing\windowing.cpp:82] 关闭窗宽窗位
[infom 2024-12-02 16:54:47][C:\zzj\PROJECT\TYM_SOFTWARE_PROJECT\FUXI_SOFTWARE\KUNLUN_Qt6\custommainwindow.cpp:262] 程序关闭#####
[infom 2024-12-02 16:54:47][C:\zzj\PROJECT\TYM_SOFTWARE_PROJECT\FUXI_SOFTWARE\KUNLUN_Qt6\custommainwindow.cpp:262] 程序关闭#####
