[infom 2025-08-12 11:10:09][D:\Work\project\KunLun\KunLun\main.cpp:127] ####启动程序####
[infom 2025-08-12 11:10:10][D:\Work\project\KunLun\KunLun\Main\guide.cpp:114] PanGu sdk: 3.6.3.0
[infom 2025-08-12 11:10:10][D:\Work\project\KunLun\KunLun\Main\guide.cpp:118] FuXi sdk: 1.9.6.5
[infom 2025-08-12 11:10:13][D:\Work\project\KunLun\KunLun\Main\guide_set.cpp:58] 进入PanGu
[infom 2025-08-12 11:10:15][D:\Work\project\KunLun\KunLun\Main\guide_set.cpp:331] init success: QList(0)
[infom 2025-08-12 11:10:15][D:\Work\project\KunLun\KunLun\PANGU\PanGu.cpp:375] "获取系统类型:PANGU"
[infom 2025-08-12 11:10:15][D:\Work\project\KunLun\KunLun\PANGU\PanGu.cpp:406] 获取[系统:  "PANGU" , 能级:  2 , 巨型帧:   , 探测器类型:  "PGD08PB" ]
[infom 2025-08-12 11:10:17][D:\Work\project\KunLun\KunLun\PANGU\PanGu.cpp:435] 设置[energy: 1 ,pixelorder: 0 ,huge: "01" ]
[infom 2025-08-12 11:10:26][D:\Work\project\KunLun\KunLun\PANGU\ordersr.cpp:96] "设置卡片数量 linkid:1,number:5"
[infom 2025-08-12 11:10:26][D:\Work\project\KunLun\KunLun\PANGU\ordersr.cpp:96] "设置卡片数量 linkid:2,number:5"
[infom 2025-08-12 11:10:26][D:\Work\project\KunLun\KunLun\PANGU\ordersr.cpp:96] "设置卡片数量 linkid:3,number:0"
[infom 2025-08-12 11:10:26][D:\Work\project\KunLun\KunLun\PANGU\ordersr.cpp:96] "设置卡片数量 linkid:4,number:0"
[infom 2025-08-12 11:10:26][D:\Work\project\KunLun\KunLun\PANGU\ordersr.cpp:115] "设置每块卡像素数，number:256"
[infom 2025-08-12 11:10:26][D:\Work\project\KunLun\KunLun\PANGU\PanGu.cpp:610] "图像信息,block:32,frameheight:768, framewidth:2560, bytesperpixel:2,bitrange:16"
[infom 2025-08-12 11:10:26][D:\Work\project\KunLun\KunLun\PANGU\PanGu.cpp:626] pixel pitch: 255
[infom 2025-08-12 11:10:26][D:\Work\project\KunLun\KunLun\MainWindow\custommainwindow.cpp:1632] [create: "id:0,systype:20,width:2560,height:768,pixelnum:2560,instance:0" ]
[infom 2025-08-12 11:10:26][D:\Work\project\KunLun\KunLun\ImageDisplay\colormapper.cpp:68] 颜色表大小:  65536
[infom 2025-08-12 11:10:26][D:\Work\project\KunLun\KunLun\ImageDisplay\imagewindow.cpp:886] 壳体： "1515151515151515151515151515151515151515151515151515151515151515"
[infom 2025-08-12 11:10:26][D:\Work\project\KunLun\KunLun\Main\guide_set.cpp:391] Pangu进入主界面
[infom 2025-08-12 11:10:30][D:\Work\project\KunLun\KunLun\MainWindow\custommainwindow.cpp:314] 打开校准界面
[infom 2025-08-12 11:10:52][D:\Work\project\KunLun\KunLun\MainWindow\custommainwindow.cpp:1288] 开始/停止: true
[infom 2025-08-12 11:10:55][D:\Work\project\KunLun\KunLun\MainWindow\custommainwindow.cpp:1288] 开始/停止: false
[infom 2025-08-12 11:11:06][D:\Work\project\KunLun\KunLun\MainWindow\custommainwindow.cpp:1288] 开始/停止: true
[infom 2025-08-12 11:11:11][D:\Work\project\KunLun\KunLun\MainWindow\custommainwindow.cpp:1288] 开始/停止: false
[infom 2025-08-12 11:12:37][D:\Work\project\KunLun\KunLun\MainWindow\custommainwindow.cpp:1439] 高级保存： 0 , 0 ,img: 1 file: "C:/Users/MS2403/Desktop/TYM/图像/图像.tif"
[infom 2025-08-12 11:12:37][D:\Work\project\KunLun\KunLun\PixelStatistics\tymdatastatistic.cpp:1390] 设置save type: 0
[infom 2025-08-12 11:12:49][D:\Work\project\KunLun\KunLun\MainWindow\custommainwindow.cpp:1288] 开始/停止: true
[infom 2025-08-12 11:12:59][D:\Work\project\KunLun\KunLun\MainWindow\custommainwindow.cpp:1288] 开始/停止: false
[infom 2025-08-12 11:13:31][D:\Work\project\KunLun\KunLun\main.cpp:127] ####启动程序####
[infom 2025-08-12 11:13:32][D:\Work\project\KunLun\KunLun\Main\guide.cpp:114] PanGu sdk: 3.6.3.0
[infom 2025-08-12 11:13:32][D:\Work\project\KunLun\KunLun\Main\guide.cpp:118] FuXi sdk: 1.9.6.5
[infom 2025-08-12 11:13:34][D:\Work\project\KunLun\KunLun\Main\guide.cpp:59] 分析模式
[infom 2025-08-12 11:13:34][D:\Work\project\KunLun\KunLun\ImageDisplay\colormapper.cpp:68] 颜色表大小:  65536
[infom 2025-08-12 11:13:56][D:\Work\project\KunLun\KunLun\MainWindow\custommainwindow.cpp:1210] 打开文件： "C:/Users/MS2403/Desktop/TYM/图像/图像_29.tif"
[infom 2025-08-12 11:13:59][D:\Work\project\KunLun\KunLun\MainWindow\custommainwindow.cpp:361] 打开窗宽窗位
[infom 2025-08-12 11:14:14][D:\Work\project\KunLun\KunLun\Windowing\windowing.cpp:84] 关闭窗宽窗位
[infom 2025-08-12 13:27:14][D:\Work\project\KunLun\KunLun\MainWindow\custommainwindow.cpp:1288] 开始/停止: true
[infom 2025-08-12 13:27:24][D:\Work\project\KunLun\KunLun\MainWindow\custommainwindow.cpp:1288] 开始/停止: false
[infom 2025-08-12 13:28:39][D:\Work\project\KunLun\KunLun\MainWindow\custommainwindow.cpp:1210] 打开文件： "C:/Users/MS2403/Desktop/TYM/图像/B10,12,13,25,26,37,51,22.tif"
[infom 2025-08-12 13:28:42][D:\Work\project\KunLun\KunLun\MainWindow\custommainwindow.cpp:361] 打开窗宽窗位
[infom 2025-08-12 13:28:45][D:\Work\project\KunLun\KunLun\Windowing\windowing.cpp:84] 关闭窗宽窗位
[infom 2025-08-12 13:33:29][D:\Work\project\KunLun\KunLun\MainWindow\custommainwindow.cpp:1288] 开始/停止: true
[infom 2025-08-12 13:33:37][D:\Work\project\KunLun\KunLun\MainWindow\custommainwindow.cpp:1288] 开始/停止: false
[infom 2025-08-12 13:35:20][D:\Work\project\KunLun\KunLun\MainWindow\custommainwindow.cpp:1210] 打开文件： "C:/Users/MS2403/Desktop/TYM/图像/B29,53,21,43,46,72,95,48,45,18,52.tif"
[infom 2025-08-12 13:49:44][D:\Work\project\KunLun\KunLun\MainWindow\custommainwindow.cpp:1288] 开始/停止: true
[infom 2025-08-12 13:49:51][D:\Work\project\KunLun\KunLun\MainWindow\custommainwindow.cpp:1288] 开始/停止: false
[infom 2025-08-12 13:54:24][D:\Work\project\KunLun\KunLun\MainWindow\custommainwindow.cpp:1288] 开始/停止: true
[infom 2025-08-12 13:54:31][D:\Work\project\KunLun\KunLun\MainWindow\custommainwindow.cpp:1288] 开始/停止: false
[infom 2025-08-12 13:56:01][D:\Work\project\KunLun\KunLun\MainWindow\custommainwindow.cpp:1210] 打开文件： "C:/Users/MS2403/Desktop/TYM/图像/B65,57,112,56,69,80,41,33,44,40,54.tif"
[infom 2025-08-12 13:56:06][D:\Work\project\KunLun\KunLun\MainWindow\custommainwindow.cpp:361] 打开窗宽窗位
[infom 2025-08-12 13:56:09][D:\Work\project\KunLun\KunLun\Windowing\windowing.cpp:84] 关闭窗宽窗位
[infom 2025-08-12 14:11:12][D:\Work\project\KunLun\KunLun\MainWindow\custommainwindow.cpp:1288] 开始/停止: true
[infom 2025-08-12 14:11:19][D:\Work\project\KunLun\KunLun\MainWindow\custommainwindow.cpp:1288] 开始/停止: false
[infom 2025-08-12 14:12:59][D:\Work\project\KunLun\KunLun\MainWindow\custommainwindow.cpp:1210] 打开文件： "C:/Users/MS2403/Desktop/TYM/图像/B47,49,127,68,134,92,87,115,126,84,79,88.tif"
[infom 2025-08-12 14:24:16][D:\Work\project\KunLun\KunLun\MainWindow\custommainwindow.cpp:1288] 开始/停止: true
[infom 2025-08-12 14:24:25][D:\Work\project\KunLun\KunLun\MainWindow\custommainwindow.cpp:1288] 开始/停止: false
[infom 2025-08-12 14:26:09][D:\Work\project\KunLun\KunLun\MainWindow\custommainwindow.cpp:1210] 打开文件： "C:/Users/MS2403/Desktop/TYM/图像/B30,102,34,93,62,90,28,113,104,119,120,103,105.tif"
[infom 2025-08-12 14:39:55][D:\Work\project\KunLun\KunLun\MainWindow\custommainwindow.cpp:1288] 开始/停止: true
[infom 2025-08-12 14:40:02][D:\Work\project\KunLun\KunLun\MainWindow\custommainwindow.cpp:1288] 开始/停止: false
[infom 2025-08-12 14:41:37][D:\Work\project\KunLun\KunLun\MainWindow\custommainwindow.cpp:1210] 打开文件： "C:/Users/MS2403/Desktop/TYM/图像/B66,99,60,78,31,117,129,98,59,27,42,137,89.tif"
[infom 2025-08-12 14:54:12][D:\Work\project\KunLun\KunLun\MainWindow\custommainwindow.cpp:1288] 开始/停止: true
[infom 2025-08-12 14:54:18][D:\Work\project\KunLun\KunLun\MainWindow\custommainwindow.cpp:1288] 开始/停止: false
[infom 2025-08-12 14:56:23][D:\Work\project\KunLun\KunLun\MainWindow\custommainwindow.cpp:1210] 打开文件： "C:/Users/MS2403/Desktop/TYM/图像/B116,73,50,123,135,107,97,86,55,70,108,128,76,75.tif"
[infom 2025-08-12 15:16:54][D:\Work\project\KunLun\KunLun\MainWindow\custommainwindow.cpp:1288] 开始/停止: true
[infom 2025-08-12 15:17:02][D:\Work\project\KunLun\KunLun\MainWindow\custommainwindow.cpp:1288] 开始/停止: false
[infom 2025-08-12 15:20:27][D:\Work\project\KunLun\KunLun\MainWindow\custommainwindow.cpp:1210] 打开文件： "C:/Users/MS2403/Desktop/TYM/图像/B32,130,61,109,125,71,63,74,100,132,83,82,85,91.tif"
[infom 2025-08-12 15:36:12][D:\Work\project\KunLun\KunLun\MainWindow\custommainwindow.cpp:1288] 开始/停止: true
[infom 2025-08-12 15:36:19][D:\Work\project\KunLun\KunLun\MainWindow\custommainwindow.cpp:1288] 开始/停止: false
[infom 2025-08-12 15:38:03][D:\Work\project\KunLun\KunLun\MainWindow\custommainwindow.cpp:361] 打开窗宽窗位
[infom 2025-08-12 15:38:06][D:\Work\project\KunLun\KunLun\Windowing\windowing.cpp:84] 关闭窗宽窗位
[infom 2025-08-12 15:38:17][D:\Work\project\KunLun\KunLun\MainWindow\custommainwindow.cpp:1210] 打开文件： "C:/Users/MS2403/Desktop/TYM/图像/B122,121,124,136,110,94,111,101,77,81,67,131,39.tif"
[infom 2025-08-12 16:46:14][D:\Work\project\KunLun\KunLun\MainWindow\custommainwindow.cpp:276] 程序关闭#####
[infom 2025-08-12 16:46:28][D:\Work\project\KunLun\KunLun\MainWindow\custommainwindow.cpp:276] 程序关闭#####
