[infom 2025-10-29 14:43:52][D:\Work\project\KunLun\KunLun\main.cpp:127] ####启动程序####
[infom 2025-10-29 14:43:53][D:\Work\project\KunLun\KunLun\Main\guide.cpp:114] PanGu sdk: 3.6.3.0
[infom 2025-10-29 14:43:53][D:\Work\project\KunLun\KunLun\Main\guide.cpp:118] FuXi sdk: 1.9.6.5
[infom 2025-10-29 14:43:57][D:\Work\project\KunLun\KunLun\Main\guide_set.cpp:58] 进入PanGu
[infom 2025-10-29 14:44:00][D:\Work\project\KunLun\KunLun\Main\guide_set.cpp:331] init success: QList(0)
[infom 2025-10-29 14:44:00][D:\Work\project\KunLun\KunLun\PANGU\PanGu.cpp:375] "获取系统类型:PANGU"
[infom 2025-10-29 14:44:00][D:\Work\project\KunLun\KunLun\PANGU\PanGu.cpp:406] 获取[系统:  "PANGU" , 能级:  2 , 巨型帧:   , 探测器类型:  "PGD08PB" ]
[infom 2025-10-29 14:44:02][D:\Work\project\KunLun\KunLun\PANGU\PanGu.cpp:435] 设置[energy: 1 ,pixelorder: 0 ,huge: "01" ]
[infom 2025-10-29 14:44:08][D:\Work\project\KunLun\KunLun\PANGU\ordersr.cpp:96] "设置卡片数量 linkid:1,number:5"
[infom 2025-10-29 14:44:08][D:\Work\project\KunLun\KunLun\PANGU\ordersr.cpp:96] "设置卡片数量 linkid:2,number:5"
[infom 2025-10-29 14:44:08][D:\Work\project\KunLun\KunLun\PANGU\ordersr.cpp:96] "设置卡片数量 linkid:3,number:0"
[infom 2025-10-29 14:44:08][D:\Work\project\KunLun\KunLun\PANGU\ordersr.cpp:96] "设置卡片数量 linkid:4,number:0"
[infom 2025-10-29 14:44:08][D:\Work\project\KunLun\KunLun\PANGU\ordersr.cpp:115] "设置每块卡像素数，number:256"
[infom 2025-10-29 14:44:08][D:\Work\project\KunLun\KunLun\PANGU\PanGu.cpp:610] "图像信息,block:32,frameheight:512, framewidth:2560, bytesperpixel:2,bitrange:16"
[infom 2025-10-29 14:44:08][D:\Work\project\KunLun\KunLun\PANGU\PanGu.cpp:626] pixel pitch: 255
[infom 2025-10-29 14:44:08][D:\Work\project\KunLun\KunLun\MainWindow\custommainwindow.cpp:1632] [create: "id:0,systype:20,width:2560,height:512,pixelnum:2560,instance:0" ]
[infom 2025-10-29 14:44:08][D:\Work\project\KunLun\KunLun\ImageDisplay\colormapper.cpp:68] 颜色表大小:  65536
[infom 2025-10-29 14:44:08][D:\Work\project\KunLun\KunLun\ImageDisplay\imagewindow.cpp:886] 壳体： "1515151515151515151515151515151515151515151515151515151515151515"
[infom 2025-10-29 14:44:08][D:\Work\project\KunLun\KunLun\Main\guide_set.cpp:391] Pangu进入主界面
[infom 2025-10-29 14:44:25][D:\Work\project\KunLun\KunLun\MainWindow\custommainwindow.cpp:1210] 打开文件： "C:/Users/MS2403/Desktop/TYM/图像/胡A/A10,18,11,21,28,22,39,17.tif"
[infom 2025-10-29 14:44:25][D:\Work\project\KunLun\KunLun\PixelStatistics\tymdatastatistic.cpp:558] 非分析模式下，打开文件不显示像素分析了，要看再分析模式下看
[infom 2025-10-29 14:44:25][D:\Work\project\KunLun\KunLun\HookUnhandledExceptionFilter.h:22] 创建Dump文件: "KunlunCapture.exe.20251029.dmp"
[infom 2025-10-29 14:44:29][D:\Work\project\KunLun\KunLun\main.cpp:127] ####启动程序####
[infom 2025-10-29 14:44:30][D:\Work\project\KunLun\KunLun\Main\guide.cpp:114] PanGu sdk: 3.6.3.0
[infom 2025-10-29 14:44:30][D:\Work\project\KunLun\KunLun\Main\guide.cpp:118] FuXi sdk: 1.9.6.5
[infom 2025-10-29 14:44:32][D:\Work\project\KunLun\KunLun\Main\guide.cpp:59] 分析模式
[infom 2025-10-29 14:44:32][D:\Work\project\KunLun\KunLun\ImageDisplay\colormapper.cpp:68] 颜色表大小:  65536
[infom 2025-10-29 14:44:47][D:\Work\project\KunLun\KunLun\MainWindow\custommainwindow.cpp:1210] 打开文件： "C:/Users/MS2403/Desktop/TYM/第八次.tif"
[infom 2025-10-29 14:44:52][D:\Work\project\KunLun\KunLun\MainWindow\custommainwindow.cpp:350] 打开像素分析
[infom 2025-10-29 14:44:54][D:\Work\project\KunLun\KunLun\PixelStatistics\statisticswidget.cpp:384] 关闭像素分析
[infom 2025-10-29 14:45:00][D:\Work\project\KunLun\KunLun\MainWindow\custommainwindow.cpp:361] 打开窗宽窗位
[infom 2025-10-29 14:46:04][D:\Work\project\KunLun\KunLun\MainWindow\custommainwindow.cpp:1210] 打开文件： "D:/suWork/TYMTEST/TYMTEST/bin/x64/Debug/net8.0/data1/16b/1/img1_test2.png"
[infom 2025-10-29 15:55:31][D:\Work\project\KunLun\KunLun\Windowing\windowing.cpp:84] 关闭窗宽窗位
[infom 2025-10-29 15:55:31][D:\Work\project\KunLun\KunLun\MainWindow\custommainwindow.cpp:276] 程序关闭#####
