[infom 2025-08-11 10:15:23][D:\Work\project\KunLun\KunLun\main.cpp:127] ####启动程序####
[infom 2025-08-11 10:15:24][D:\Work\project\KunLun\KunLun\Main\guide.cpp:114] PanGu sdk: 3.6.3.0
[infom 2025-08-11 10:15:24][D:\Work\project\KunLun\KunLun\Main\guide.cpp:118] FuXi sdk: 1.9.6.5
[infom 2025-08-11 10:15:26][D:\Work\project\KunLun\KunLun\Main\guide_set.cpp:58] 进入PanGu
[infom 2025-08-11 10:15:28][D:\Work\project\KunLun\KunLun\Main\guide_set.cpp:331] init success: QList(0)
[infom 2025-08-11 10:15:28][D:\Work\project\KunLun\KunLun\PANGU\PanGu.cpp:375] "获取系统类型:PANGU"
[infom 2025-08-11 10:15:28][D:\Work\project\KunLun\KunLun\PANGU\PanGu.cpp:406] 获取[系统:  "PANGU" , 能级:  2 , 巨型帧:   , 探测器类型:  "PGD08PB" ]
[infom 2025-08-11 10:15:30][D:\Work\project\KunLun\KunLun\PANGU\PanGu.cpp:435] 设置[energy: 1 ,pixelorder: 0 ,huge: "01" ]
[infom 2025-08-11 10:15:36][D:\Work\project\KunLun\KunLun\PANGU\ordersr.cpp:96] "设置卡片数量 linkid:1,number:5"
[infom 2025-08-11 10:15:36][D:\Work\project\KunLun\KunLun\PANGU\ordersr.cpp:96] "设置卡片数量 linkid:2,number:5"
[infom 2025-08-11 10:15:36][D:\Work\project\KunLun\KunLun\PANGU\ordersr.cpp:96] "设置卡片数量 linkid:3,number:0"
[infom 2025-08-11 10:15:36][D:\Work\project\KunLun\KunLun\PANGU\ordersr.cpp:96] "设置卡片数量 linkid:4,number:0"
[infom 2025-08-11 10:15:36][D:\Work\project\KunLun\KunLun\PANGU\ordersr.cpp:115] "设置每块卡像素数，number:256"
[infom 2025-08-11 10:15:36][D:\Work\project\KunLun\KunLun\PANGU\PanGu.cpp:610] "图像信息,block:32,frameheight:768, framewidth:2560, bytesperpixel:2,bitrange:16"
[infom 2025-08-11 10:15:36][D:\Work\project\KunLun\KunLun\PANGU\PanGu.cpp:626] pixel pitch: 255
[infom 2025-08-11 10:15:36][D:\Work\project\KunLun\KunLun\MainWindow\custommainwindow.cpp:1632] [create: "id:0,systype:20,width:2560,height:768,pixelnum:2560,instance:0" ]
[infom 2025-08-11 10:15:36][D:\Work\project\KunLun\KunLun\ImageDisplay\colormapper.cpp:68] 颜色表大小:  65536
[infom 2025-08-11 10:15:36][D:\Work\project\KunLun\KunLun\ImageDisplay\imagewindow.cpp:886] 壳体： "1515151515151515151515151515151515151515151515151515151515151515"
[infom 2025-08-11 10:15:36][D:\Work\project\KunLun\KunLun\Main\guide_set.cpp:391] Pangu进入主界面
[infom 2025-08-11 10:15:43][D:\Work\project\KunLun\KunLun\MainWindow\custommainwindow.cpp:314] 打开校准界面
[infom 2025-08-11 10:16:01][D:\Work\project\KunLun\KunLun\MainWindow\custommainwindow.cpp:361] 打开窗宽窗位
[infom 2025-08-11 10:16:04][D:\Work\project\KunLun\KunLun\Windowing\windowing.cpp:84] 关闭窗宽窗位
[infom 2025-08-11 10:16:05][D:\Work\project\KunLun\KunLun\MainWindow\custommainwindow.cpp:1288] 开始/停止: true
[infom 2025-08-11 10:16:06][D:\Work\project\KunLun\KunLun\MainWindow\custommainwindow.cpp:1288] 开始/停止: false
[infom 2025-08-11 10:16:13][D:\Work\project\KunLun\KunLun\MainWindow\custommainwindow.cpp:314] 打开校准界面
[infom 2025-08-11 10:16:40][D:\Work\project\KunLun\KunLun\MainWindow\custommainwindow.cpp:1288] 开始/停止: true
[infom 2025-08-11 10:16:46][D:\Work\project\KunLun\KunLun\MainWindow\custommainwindow.cpp:1288] 开始/停止: false
[infom 2025-08-11 10:17:27][D:\Work\project\KunLun\KunLun\MainWindow\custommainwindow.cpp:1439] 高级保存： 0 , 0 ,img: 1 file: "C:/Users/MS2403/Desktop/TYM/图像/图像.tif"
[infom 2025-08-11 10:17:27][D:\Work\project\KunLun\KunLun\PixelStatistics\tymdatastatistic.cpp:1390] 设置save type: 0
[infom 2025-08-11 10:36:49][D:\Work\project\KunLun\KunLun\MainWindow\custommainwindow.cpp:1288] 开始/停止: true
[infom 2025-08-11 10:36:56][D:\Work\project\KunLun\KunLun\MainWindow\custommainwindow.cpp:1288] 开始/停止: false
[infom 2025-08-11 10:38:27][D:\Work\project\KunLun\KunLun\MainWindow\custommainwindow.cpp:1210] 打开文件： "C:/Users/MS2403/Desktop/TYM/图像/A10,18,11,21,28,22,39,17.tif"
[infom 2025-08-11 10:38:27][D:\Work\project\KunLun\KunLun\PixelStatistics\tymdatastatistic.cpp:558] 非分析模式下，打开文件不显示像素分析了，要看再分析模式下看
[infom 2025-08-11 10:50:27][D:\Work\project\KunLun\KunLun\MainWindow\custommainwindow.cpp:1288] 开始/停止: true
[infom 2025-08-11 10:50:27][D:\Work\project\KunLun\KunLun\PixelStatistics\tymdatastatistic.cpp:1497] 重置WH,H: 768 ,W: 2560 ,b: 2 ,init W: 768
[infom 2025-08-11 10:50:34][D:\Work\project\KunLun\KunLun\MainWindow\custommainwindow.cpp:1288] 开始/停止: false
[infom 2025-08-11 11:04:32][D:\Work\project\KunLun\KunLun\MainWindow\custommainwindow.cpp:1288] 开始/停止: true
[infom 2025-08-11 11:04:39][D:\Work\project\KunLun\KunLun\MainWindow\custommainwindow.cpp:1288] 开始/停止: false
[infom 2025-08-11 11:24:02][D:\Work\project\KunLun\KunLun\MainWindow\custommainwindow.cpp:1288] 开始/停止: true
[infom 2025-08-11 11:24:09][D:\Work\project\KunLun\KunLun\MainWindow\custommainwindow.cpp:1288] 开始/停止: false
[infom 2025-08-11 11:39:24][D:\Work\project\KunLun\KunLun\MainWindow\custommainwindow.cpp:1288] 开始/停止: true
[infom 2025-08-11 11:39:31][D:\Work\project\KunLun\KunLun\MainWindow\custommainwindow.cpp:1288] 开始/停止: false
[infom 2025-08-11 12:47:13][D:\Work\project\KunLun\KunLun\MainWindow\custommainwindow.cpp:1288] 开始/停止: true
[infom 2025-08-11 12:47:20][D:\Work\project\KunLun\KunLun\MainWindow\custommainwindow.cpp:1288] 开始/停止: false
[infom 2025-08-11 13:07:06][D:\Work\project\KunLun\KunLun\MainWindow\custommainwindow.cpp:1288] 开始/停止: true
[infom 2025-08-11 13:07:13][D:\Work\project\KunLun\KunLun\MainWindow\custommainwindow.cpp:1288] 开始/停止: false
[infom 2025-08-11 13:23:00][D:\Work\project\KunLun\KunLun\MainWindow\custommainwindow.cpp:1288] 开始/停止: true
[infom 2025-08-11 13:23:08][D:\Work\project\KunLun\KunLun\MainWindow\custommainwindow.cpp:1288] 开始/停止: false
[infom 2025-08-11 13:40:21][D:\Work\project\KunLun\KunLun\MainWindow\custommainwindow.cpp:1288] 开始/停止: true
[infom 2025-08-11 13:40:29][D:\Work\project\KunLun\KunLun\MainWindow\custommainwindow.cpp:1288] 开始/停止: false
[infom 2025-08-11 14:53:56][D:\Work\project\KunLun\KunLun\MainWindow\custommainwindow.cpp:1288] 开始/停止: true
[infom 2025-08-11 14:54:04][D:\Work\project\KunLun\KunLun\MainWindow\custommainwindow.cpp:1288] 开始/停止: false
[infom 2025-08-11 15:10:17][D:\Work\project\KunLun\KunLun\MainWindow\custommainwindow.cpp:1288] 开始/停止: true
[infom 2025-08-11 15:10:25][D:\Work\project\KunLun\KunLun\MainWindow\custommainwindow.cpp:1288] 开始/停止: false
[infom 2025-08-11 15:22:08][D:\Work\project\KunLun\KunLun\MainWindow\custommainwindow.cpp:1288] 开始/停止: true
[infom 2025-08-11 15:22:15][D:\Work\project\KunLun\KunLun\MainWindow\custommainwindow.cpp:1288] 开始/停止: false
[infom 2025-08-11 15:35:42][D:\Work\project\KunLun\KunLun\MainWindow\custommainwindow.cpp:1288] 开始/停止: true
[infom 2025-08-11 15:35:49][D:\Work\project\KunLun\KunLun\MainWindow\custommainwindow.cpp:1288] 开始/停止: false
[infom 2025-08-11 15:49:36][D:\Work\project\KunLun\KunLun\MainWindow\custommainwindow.cpp:1288] 开始/停止: true
[infom 2025-08-11 15:49:43][D:\Work\project\KunLun\KunLun\MainWindow\custommainwindow.cpp:1288] 开始/停止: false
[infom 2025-08-11 16:13:02][D:\Work\project\KunLun\KunLun\MainWindow\custommainwindow.cpp:1288] 开始/停止: true
[infom 2025-08-11 16:13:09][D:\Work\project\KunLun\KunLun\MainWindow\custommainwindow.cpp:1288] 开始/停止: false
[infom 2025-08-11 16:26:15][D:\Work\project\KunLun\KunLun\MainWindow\custommainwindow.cpp:1288] 开始/停止: true
[infom 2025-08-11 16:26:24][D:\Work\project\KunLun\KunLun\MainWindow\custommainwindow.cpp:1288] 开始/停止: false
[infom 2025-08-11 16:38:15][D:\Work\project\KunLun\KunLun\MainWindow\custommainwindow.cpp:1288] 开始/停止: true
[infom 2025-08-11 16:38:22][D:\Work\project\KunLun\KunLun\MainWindow\custommainwindow.cpp:1288] 开始/停止: false
[infom 2025-08-11 16:49:10][D:\Work\project\KunLun\KunLun\MainWindow\custommainwindow.cpp:1288] 开始/停止: true
[infom 2025-08-11 16:49:17][D:\Work\project\KunLun\KunLun\MainWindow\custommainwindow.cpp:1288] 开始/停止: false
[infom 2025-08-11 17:48:17][D:\Work\project\KunLun\KunLun\MainWindow\custommainwindow.cpp:1288] 开始/停止: true
[infom 2025-08-11 17:48:25][D:\Work\project\KunLun\KunLun\MainWindow\custommainwindow.cpp:1288] 开始/停止: false
[infom 2025-08-11 17:54:19][D:\Work\project\KunLun\KunLun\MainWindow\custommainwindow.cpp:1288] 开始/停止: true
[infom 2025-08-11 17:54:26][D:\Work\project\KunLun\KunLun\MainWindow\custommainwindow.cpp:1288] 开始/停止: false
[infom 2025-08-11 17:56:04][D:\Work\project\KunLun\KunLun\MainWindow\custommainwindow.cpp:276] 程序关闭#####
