[infom 2025-07-04 15:03:49][D:\Work\project\KunLun\KunLun\main.cpp:127] ####启动程序####
[infom 2025-07-04 15:03:50][D:\Work\project\KunLun\KunLun\Main\guide.cpp:114] PanGu sdk: 3.6.3.0
[infom 2025-07-04 15:03:50][D:\Work\project\KunLun\KunLun\Main\guide.cpp:118] FuXi sdk: 1.9.6.5
[infom 2025-07-04 15:03:55][D:\Work\project\KunLun\KunLun\Main\guide_set.cpp:58] 进入PanGu
[infom 2025-07-04 15:03:58][D:\Work\project\KunLun\KunLun\Main\guide_set.cpp:331] init success: QList(0)
[infom 2025-07-04 15:03:58][D:\Work\project\KunLun\KunLun\PANGU\PanGu.cpp:375] "获取系统类型:PANGU"
[infom 2025-07-04 15:03:58][D:\Work\project\KunLun\KunLun\PANGU\PanGu.cpp:406] 获取[系统:  "PANGU" , 能级:  2 , 巨型帧:   , 探测器类型:  "PGD08PB" ]
[infom 2025-07-04 15:04:50][D:\Work\project\KunLun\KunLun\PANGU\PanGu.cpp:435] 设置[energy: 1 ,pixelorder: 0 ,huge: "01" ]
[infom 2025-07-04 15:05:03][D:\Work\project\KunLun\KunLun\PANGU\ordersr.cpp:96] "设置卡片数量 linkid:1,number:5"
[infom 2025-07-04 15:05:03][D:\Work\project\KunLun\KunLun\PANGU\ordersr.cpp:96] "设置卡片数量 linkid:2,number:5"
[infom 2025-07-04 15:05:03][D:\Work\project\KunLun\KunLun\PANGU\ordersr.cpp:96] "设置卡片数量 linkid:3,number:0"
[infom 2025-07-04 15:05:03][D:\Work\project\KunLun\KunLun\PANGU\ordersr.cpp:96] "设置卡片数量 linkid:4,number:0"
[infom 2025-07-04 15:05:03][D:\Work\project\KunLun\KunLun\PANGU\ordersr.cpp:115] "设置每块卡像素数，number:256"
[infom 2025-07-04 15:05:03][D:\Work\project\KunLun\KunLun\PANGU\PanGu.cpp:610] "图像信息,block:32,frameheight:512, framewidth:2560, bytesperpixel:2,bitrange:16"
[infom 2025-07-04 15:05:03][D:\Work\project\KunLun\KunLun\PANGU\PanGu.cpp:626] pixel pitch: 255
[infom 2025-07-04 15:05:03][D:\Work\project\KunLun\KunLun\MainWindow\custommainwindow.cpp:1632] [create: "id:0,systype:20,width:2560,height:512,pixelnum:2560,instance:0" ]
[infom 2025-07-04 15:05:03][D:\Work\project\KunLun\KunLun\ImageDisplay\colormapper.cpp:68] 颜色表大小:  65536
[infom 2025-07-04 15:05:03][D:\Work\project\KunLun\KunLun\ImageDisplay\imagewindow.cpp:886] 壳体： "1515151515151515151515151515151515151515151515151515151515151515"
[infom 2025-07-04 15:05:03][D:\Work\project\KunLun\KunLun\Main\guide_set.cpp:391] Pangu进入主界面
[infom 2025-07-04 15:05:07][D:\Work\project\KunLun\KunLun\MainWindow\custommainwindow.cpp:1288] 开始/停止: true
[infom 2025-07-04 15:05:09][D:\Work\project\KunLun\KunLun\MainWindow\custommainwindow.cpp:350] 打开像素分析
[infom 2025-07-04 15:06:20][D:\Work\project\KunLun\KunLun\MainWindow\custommainwindow.cpp:1288] 开始/停止: false
[infom 2025-07-04 15:06:22][D:\Work\project\KunLun\KunLun\MainWindow\custommainwindow.cpp:1347] 操作设置界面
[infom 2025-07-04 15:07:12][D:\Work\project\KunLun\KunLun\PANGU\ordersr.cpp:42] "设置低能增益: card_no:0,loggain:1"
[infom 2025-07-04 15:07:12][D:\Work\project\KunLun\KunLun\PANGU\ordersr.cpp:63] "设置高能增益: card_no:0,loggain:1"
[infom 2025-07-04 15:07:15][D:\Work\project\KunLun\KunLun\PANGU\ordersr.cpp:42] "设置低能增益: card_no:0,loggain:1"
[infom 2025-07-04 15:07:15][D:\Work\project\KunLun\KunLun\PANGU\ordersr.cpp:63] "设置高能增益: card_no:0,loggain:1"
[infom 2025-07-04 15:07:17][D:\Work\project\KunLun\KunLun\PANGU\gain_setting.cpp:148] 保存到flash
[infom 2025-07-04 15:07:18][D:\Work\project\KunLun\KunLun\MainWindow\custommainwindow.cpp:217] mOptSettingPanGu 关闭
[infom 2025-07-04 15:07:20][D:\Work\project\KunLun\KunLun\MainWindow\custommainwindow.cpp:1288] 开始/停止: true
[infom 2025-07-04 15:07:23][D:\Work\project\KunLun\KunLun\MainWindow\custommainwindow.cpp:350] 打开像素分析
[infom 2025-07-04 15:08:18][D:\Work\project\KunLun\KunLun\MainWindow\custommainwindow.cpp:1288] 开始/停止: false
[infom 2025-07-04 15:08:42][D:\Work\project\KunLun\KunLun\MainWindow\custommainwindow.cpp:1288] 开始/停止: true
[infom 2025-07-04 15:08:50][D:\Work\project\KunLun\KunLun\MainWindow\custommainwindow.cpp:350] 打开像素分析
[infom 2025-07-04 15:08:58][D:\Work\project\KunLun\KunLun\PixelStatistics\statisticswidget.cpp:384] 关闭像素分析
[infom 2025-07-04 15:09:00][D:\Work\project\KunLun\KunLun\MainWindow\custommainwindow.cpp:1288] 开始/停止: false
[infom 2025-07-04 15:09:02][D:\Work\project\KunLun\KunLun\MainWindow\custommainwindow.cpp:314] 打开校准界面
[infom 2025-07-04 15:10:04][D:\Work\project\KunLun\KunLun\MainWindow\custommainwindow.cpp:1288] 开始/停止: true
[infom 2025-07-04 15:10:24][D:\Work\project\KunLun\KunLun\MainWindow\custommainwindow.cpp:1288] 开始/停止: false
[infom 2025-07-04 15:11:43][D:\Work\project\KunLun\KunLun\MainWindow\custommainwindow.cpp:361] 打开窗宽窗位
[infom 2025-07-04 15:11:55][D:\Work\project\KunLun\KunLun\Windowing\windowing.cpp:84] 关闭窗宽窗位
[infom 2025-07-04 15:12:06][D:\Work\project\KunLun\KunLun\MainWindow\custommainwindow.cpp:1347] 操作设置界面
[infom 2025-07-04 15:12:12][D:\Work\project\KunLun\KunLun\PANGU\ordersr.cpp:42] "设置低能增益: card_no:0,loggain:1"
[infom 2025-07-04 15:12:12][D:\Work\project\KunLun\KunLun\PANGU\ordersr.cpp:63] "设置高能增益: card_no:0,loggain:1"
[infom 2025-07-04 15:12:15][D:\Work\project\KunLun\KunLun\PANGU\ordersr.cpp:42] "设置低能增益: card_no:0,loggain:1"
[infom 2025-07-04 15:12:15][D:\Work\project\KunLun\KunLun\PANGU\ordersr.cpp:63] "设置高能增益: card_no:0,loggain:1"
[infom 2025-07-04 15:12:17][D:\Work\project\KunLun\KunLun\PANGU\gain_setting.cpp:148] 保存到flash
[infom 2025-07-04 15:12:24][D:\Work\project\KunLun\KunLun\PANGU\WorkMode\workmode0_pangu.cpp:71] 设置mode0
[infom 2025-07-04 15:12:24][D:\Work\project\KunLun\KunLun\PANGU\WorkMode\workmode0_pangu.cpp:156] 设置积分时间:  266
[infom 2025-07-04 15:12:24][D:\Work\project\KunLun\KunLun\PANGU\WorkMode\workmode0_pangu.cpp:158] 设置mode0 结束
[infom 2025-07-04 15:12:24][D:\Work\project\KunLun\KunLun\PANGU\menu_operation.cpp:587] "设置测试模式: 0"
[infom 2025-07-04 15:12:24][D:\Work\project\KunLun\KunLun\PixelStatistics\tymdatastatistic.cpp:599] 设置块高:  128 ,帧高:  512
[infom 2025-07-04 15:12:25][D:\Work\project\KunLun\KunLun\PANGU\WorkMode\workmode0_pangu.cpp:71] 设置mode0
[infom 2025-07-04 15:12:25][D:\Work\project\KunLun\KunLun\PANGU\WorkMode\workmode0_pangu.cpp:156] 设置积分时间:  266
[infom 2025-07-04 15:12:25][D:\Work\project\KunLun\KunLun\PANGU\WorkMode\workmode0_pangu.cpp:158] 设置mode0 结束
[infom 2025-07-04 15:12:25][D:\Work\project\KunLun\KunLun\PANGU\menu_operation.cpp:587] "设置测试模式: 0"
[infom 2025-07-04 15:12:25][D:\Work\project\KunLun\KunLun\PixelStatistics\tymdatastatistic.cpp:599] 设置块高:  128 ,帧高:  512
[infom 2025-07-04 15:12:31][D:\Work\project\KunLun\KunLun\MainWindow\custommainwindow.cpp:217] mOptSettingPanGu 关闭
[infom 2025-07-04 15:12:36][D:\Work\project\KunLun\KunLun\MainWindow\custommainwindow.cpp:276] 程序关闭#####
[infom 2025-07-04 15:19:52][D:\Work\project\KunLun\KunLun\main.cpp:127] ####启动程序####
[infom 2025-07-04 15:19:53][D:\Work\project\KunLun\KunLun\Main\guide.cpp:114] PanGu sdk: 3.6.3.0
[infom 2025-07-04 15:19:53][D:\Work\project\KunLun\KunLun\Main\guide.cpp:118] FuXi sdk: 1.9.6.5
[infom 2025-07-04 15:20:04][D:\Work\project\KunLun\KunLun\Main\guide_set.cpp:58] 进入PanGu
[infom 2025-07-04 15:20:38][D:\Work\project\KunLun\KunLun\Main\guide_set.cpp:331] init success: QList(0)
[infom 2025-07-04 15:20:38][D:\Work\project\KunLun\KunLun\PANGU\PanGu.cpp:375] "获取系统类型:PANGU"
[infom 2025-07-04 15:20:38][D:\Work\project\KunLun\KunLun\PANGU\PanGu.cpp:406] 获取[系统:  "PANGU" , 能级:  2 , 巨型帧:   , 探测器类型:  "PGD08PB" ]
[infom 2025-07-04 15:20:41][D:\Work\project\KunLun\KunLun\PANGU\PanGu.cpp:435] 设置[energy: 1 ,pixelorder: 0 ,huge: "01" ]
[infom 2025-07-04 15:20:43][D:\Work\project\KunLun\KunLun\PANGU\ordersr.cpp:96] "设置卡片数量 linkid:1,number:5"
[infom 2025-07-04 15:20:43][D:\Work\project\KunLun\KunLun\PANGU\ordersr.cpp:96] "设置卡片数量 linkid:2,number:5"
[infom 2025-07-04 15:20:43][D:\Work\project\KunLun\KunLun\PANGU\ordersr.cpp:96] "设置卡片数量 linkid:3,number:0"
[infom 2025-07-04 15:20:43][D:\Work\project\KunLun\KunLun\PANGU\ordersr.cpp:96] "设置卡片数量 linkid:4,number:0"
[infom 2025-07-04 15:20:43][D:\Work\project\KunLun\KunLun\PANGU\ordersr.cpp:115] "设置每块卡像素数，number:256"
[infom 2025-07-04 15:20:43][D:\Work\project\KunLun\KunLun\PANGU\PanGu.cpp:610] "图像信息,block:32,frameheight:512, framewidth:2560, bytesperpixel:2,bitrange:16"
[infom 2025-07-04 15:20:43][D:\Work\project\KunLun\KunLun\PANGU\PanGu.cpp:626] pixel pitch: 255
[infom 2025-07-04 15:20:43][D:\Work\project\KunLun\KunLun\MainWindow\custommainwindow.cpp:1632] [create: "id:0,systype:20,width:2560,height:512,pixelnum:2560,instance:0" ]
[infom 2025-07-04 15:20:43][D:\Work\project\KunLun\KunLun\ImageDisplay\colormapper.cpp:68] 颜色表大小:  65536
[infom 2025-07-04 15:20:43][D:\Work\project\KunLun\KunLun\ImageDisplay\imagewindow.cpp:886] 壳体： "1515151515151515151515151515151515151515151515151515151515151515"
[infom 2025-07-04 15:20:43][D:\Work\project\KunLun\KunLun\Main\guide_set.cpp:391] Pangu进入主界面
[infom 2025-07-04 15:20:47][D:\Work\project\KunLun\KunLun\MainWindow\custommainwindow.cpp:1347] 操作设置界面
[infom 2025-07-04 15:20:50][D:\Work\project\KunLun\KunLun\MainWindow\custommainwindow.cpp:217] mOptSettingPanGu 关闭
[infom 2025-07-04 15:20:52][D:\Work\project\KunLun\KunLun\MainWindow\custommainwindow.cpp:1288] 开始/停止: true
[infom 2025-07-04 15:20:53][D:\Work\project\KunLun\KunLun\MainWindow\custommainwindow.cpp:350] 打开像素分析
[infom 2025-07-04 15:23:26][D:\Work\project\KunLun\KunLun\MainWindow\custommainwindow.cpp:1288] 开始/停止: false
[infom 2025-07-04 15:23:29][D:\Work\project\KunLun\KunLun\MainWindow\custommainwindow.cpp:1347] 操作设置界面
[infom 2025-07-04 15:23:32][D:\Work\project\KunLun\KunLun\MainWindow\custommainwindow.cpp:217] mOptSettingPanGu 关闭
[infom 2025-07-04 15:23:35][D:\Work\project\KunLun\KunLun\MainWindow\custommainwindow.cpp:361] 打开窗宽窗位
[infom 2025-07-04 15:24:07][D:\Work\project\KunLun\KunLun\MainWindow\custommainwindow.cpp:350] 打开像素分析
[infom 2025-07-04 15:24:40][D:\Work\project\KunLun\KunLun\PixelStatistics\statisticswidget.cpp:152] 设置范围，avgy:  "0" , 15000
[infom 2025-07-04 15:24:52][D:\Work\project\KunLun\KunLun\Windowing\windowing.cpp:84] 关闭窗宽窗位
[infom 2025-07-04 15:24:56][D:\Work\project\KunLun\KunLun\MainWindow\custommainwindow.cpp:350] 打开像素分析
[infom 2025-07-04 15:25:11][D:\Work\project\KunLun\KunLun\PixelStatistics\statisticswidget.cpp:384] 关闭像素分析
[infom 2025-07-04 15:25:11][D:\Work\project\KunLun\KunLun\MainWindow\custommainwindow.cpp:276] 程序关闭#####
[infom 2025-07-04 15:32:05][D:\Work\project\KunLun\KunLun\main.cpp:127] ####启动程序####
[infom 2025-07-04 15:32:06][D:\Work\project\KunLun\KunLun\Main\guide.cpp:114] PanGu sdk: 3.6.3.0
[infom 2025-07-04 15:32:06][D:\Work\project\KunLun\KunLun\Main\guide.cpp:118] FuXi sdk: 1.9.6.5
[infom 2025-07-04 15:32:07][D:\Work\project\KunLun\KunLun\Main\guide.cpp:59] 分析模式
[infom 2025-07-04 15:32:07][D:\Work\project\KunLun\KunLun\ImageDisplay\colormapper.cpp:68] 颜色表大小:  65536
[infom 2025-07-04 15:34:19][D:\Work\project\KunLun\KunLun\MainWindow\custommainwindow.cpp:276] 程序关闭#####
