[infom 2025-07-24 11:20:37][D:\Work\project\KunLun\KunLun\main.cpp:127] ####启动程序####
[infom 2025-07-24 11:20:38][D:\Work\project\KunLun\KunLun\Main\guide.cpp:114] PanGu sdk: 3.6.3.0
[infom 2025-07-24 11:20:38][D:\Work\project\KunLun\KunLun\Main\guide.cpp:118] FuXi sdk: 1.9.6.5
[infom 2025-07-24 11:20:41][D:\Work\project\KunLun\KunLun\Main\guide_set.cpp:58] 进入PanGu
[infom 2025-07-24 11:20:43][D:\Work\project\KunLun\KunLun\Main\guide_set.cpp:331] init success: QList(0)
[infom 2025-07-24 11:20:43][D:\Work\project\KunLun\KunLun\PANGU\PanGu.cpp:375] "获取系统类型:PANGU"
[infom 2025-07-24 11:20:43][D:\Work\project\KunLun\KunLun\PANGU\PanGu.cpp:406] 获取[系统:  "PANGU" , 能级:  2 , 巨型帧:   , 探测器类型:  "PGD08PB" ]
[infom 2025-07-24 11:20:46][D:\Work\project\KunLun\KunLun\PANGU\PanGu.cpp:435] 设置[energy: 1 ,pixelorder: 0 ,huge: "01" ]
[infom 2025-07-24 11:20:53][D:\Work\project\KunLun\KunLun\PANGU\ordersr.cpp:96] "设置卡片数量 linkid:1,number:5"
[infom 2025-07-24 11:20:53][D:\Work\project\KunLun\KunLun\PANGU\ordersr.cpp:96] "设置卡片数量 linkid:2,number:5"
[infom 2025-07-24 11:20:53][D:\Work\project\KunLun\KunLun\PANGU\ordersr.cpp:96] "设置卡片数量 linkid:3,number:0"
[infom 2025-07-24 11:20:53][D:\Work\project\KunLun\KunLun\PANGU\ordersr.cpp:96] "设置卡片数量 linkid:4,number:0"
[infom 2025-07-24 11:20:53][D:\Work\project\KunLun\KunLun\PANGU\ordersr.cpp:115] "设置每块卡像素数，number:256"
[infom 2025-07-24 11:20:53][D:\Work\project\KunLun\KunLun\PANGU\PanGu.cpp:610] "图像信息,block:32,frameheight:512, framewidth:2560, bytesperpixel:2,bitrange:16"
[infom 2025-07-24 11:20:53][D:\Work\project\KunLun\KunLun\PANGU\PanGu.cpp:626] pixel pitch: 255
[infom 2025-07-24 11:20:53][D:\Work\project\KunLun\KunLun\MainWindow\custommainwindow.cpp:1632] [create: "id:0,systype:20,width:2560,height:512,pixelnum:2560,instance:0" ]
[infom 2025-07-24 11:20:53][D:\Work\project\KunLun\KunLun\ImageDisplay\colormapper.cpp:68] 颜色表大小:  65536
[infom 2025-07-24 11:20:53][D:\Work\project\KunLun\KunLun\ImageDisplay\imagewindow.cpp:886] 壳体： "1515151515151515151515151515151515151515151515151515151515151515"
[infom 2025-07-24 11:20:53][D:\Work\project\KunLun\KunLun\Main\guide_set.cpp:391] Pangu进入主界面
[infom 2025-07-24 11:22:06][D:\Work\project\KunLun\KunLun\MainWindow\custommainwindow.cpp:314] 打开校准界面
[infom 2025-07-24 11:22:51][D:\Work\project\KunLun\KunLun\MainWindow\custommainwindow.cpp:1347] 操作设置界面
[infom 2025-07-24 11:22:58][D:\Work\project\KunLun\KunLun\MainWindow\custommainwindow.cpp:217] mOptSettingPanGu 关闭
[infom 2025-07-24 11:23:51][D:\Work\project\KunLun\KunLun\MainWindow\custommainwindow.cpp:1439] 高级保存： 0 , 0 ,img: 1 file: "C:/Users/MS2403/Desktop/TYM/图像.tif"
[infom 2025-07-24 11:23:51][D:\Work\project\KunLun\KunLun\PixelStatistics\tymdatastatistic.cpp:1390] 设置save type: 0
[infom 2025-07-24 11:23:58][D:\Work\project\KunLun\KunLun\MainWindow\custommainwindow.cpp:1288] 开始/停止: true
[infom 2025-07-24 11:24:06][D:\Work\project\KunLun\KunLun\MainWindow\custommainwindow.cpp:1288] 开始/停止: false
[infom 2025-07-24 11:24:11][D:\Work\project\KunLun\KunLun\MainWindow\custommainwindow.cpp:314] 打开校准界面
[infom 2025-07-24 11:24:42][D:\Work\project\KunLun\KunLun\MainWindow\custommainwindow.cpp:1288] 开始/停止: true
[infom 2025-07-24 11:24:55][D:\Work\project\KunLun\KunLun\MainWindow\custommainwindow.cpp:1288] 开始/停止: false
[infom 2025-07-24 11:27:56][D:\Work\project\KunLun\KunLun\MainWindow\custommainwindow.cpp:350] 打开像素分析
[infom 2025-07-24 11:28:02][D:\Work\project\KunLun\KunLun\PixelStatistics\statisticswidget.cpp:384] 关闭像素分析
[infom 2025-07-24 11:28:43][D:\Work\project\KunLun\KunLun\MainWindow\custommainwindow.cpp:1347] 操作设置界面
[infom 2025-07-24 11:28:49][D:\Work\project\KunLun\KunLun\MainWindow\custommainwindow.cpp:217] mOptSettingPanGu 关闭
[infom 2025-07-24 11:28:51][D:\Work\project\KunLun\KunLun\MainWindow\custommainwindow.cpp:1306] 打开增益界面
[infom 2025-07-24 11:28:53][D:\Work\project\KunLun\KunLun\MainWindow\custommainwindow.cpp:217] mOptSettingPanGu 关闭
[infom 2025-07-24 11:28:55][D:\Work\project\KunLun\KunLun\MainWindow\custommainwindow.cpp:276] 程序关闭#####
[infom 2025-07-24 11:47:11][D:\Work\project\KunLun\KunLun\main.cpp:127] ####启动程序####
[infom 2025-07-24 11:47:12][D:\Work\project\KunLun\KunLun\Main\guide.cpp:114] PanGu sdk: 3.6.3.0
[infom 2025-07-24 11:47:12][D:\Work\project\KunLun\KunLun\Main\guide.cpp:118] FuXi sdk: 1.9.6.5
[infom 2025-07-24 11:47:14][D:\Work\project\KunLun\KunLun\Main\guide_set.cpp:58] 进入PanGu
[infom 2025-07-24 11:47:16][D:\Work\project\KunLun\KunLun\Main\guide_set.cpp:331] init success: QList(0)
[infom 2025-07-24 11:47:16][D:\Work\project\KunLun\KunLun\PANGU\PanGu.cpp:375] "获取系统类型:PANGU"
[infom 2025-07-24 11:47:16][D:\Work\project\KunLun\KunLun\PANGU\PanGu.cpp:406] 获取[系统:  "PANGU" , 能级:  2 , 巨型帧:   , 探测器类型:  "PGD08PB" ]
[infom 2025-07-24 11:47:17][D:\Work\project\KunLun\KunLun\PANGU\PanGu.cpp:435] 设置[energy: 1 ,pixelorder: 0 ,huge: "01" ]
[infom 2025-07-24 11:47:19][D:\Work\project\KunLun\KunLun\PANGU\ordersr.cpp:96] "设置卡片数量 linkid:1,number:5"
[infom 2025-07-24 11:47:19][D:\Work\project\KunLun\KunLun\PANGU\ordersr.cpp:96] "设置卡片数量 linkid:2,number:5"
[infom 2025-07-24 11:47:19][D:\Work\project\KunLun\KunLun\PANGU\ordersr.cpp:96] "设置卡片数量 linkid:3,number:0"
[infom 2025-07-24 11:47:19][D:\Work\project\KunLun\KunLun\PANGU\ordersr.cpp:96] "设置卡片数量 linkid:4,number:0"
[infom 2025-07-24 11:47:19][D:\Work\project\KunLun\KunLun\PANGU\ordersr.cpp:115] "设置每块卡像素数，number:256"
[infom 2025-07-24 11:47:19][D:\Work\project\KunLun\KunLun\PANGU\PanGu.cpp:610] "图像信息,block:32,frameheight:512, framewidth:2560, bytesperpixel:2,bitrange:16"
[infom 2025-07-24 11:47:19][D:\Work\project\KunLun\KunLun\PANGU\PanGu.cpp:626] pixel pitch: 255
[infom 2025-07-24 11:47:19][D:\Work\project\KunLun\KunLun\MainWindow\custommainwindow.cpp:1632] [create: "id:0,systype:20,width:2560,height:512,pixelnum:2560,instance:0" ]
[infom 2025-07-24 11:47:19][D:\Work\project\KunLun\KunLun\ImageDisplay\colormapper.cpp:68] 颜色表大小:  65536
[infom 2025-07-24 11:47:19][D:\Work\project\KunLun\KunLun\ImageDisplay\imagewindow.cpp:886] 壳体： "1515151515151515151515151515151515151515151515151515151515151515"
[infom 2025-07-24 11:47:19][D:\Work\project\KunLun\KunLun\Main\guide_set.cpp:391] Pangu进入主界面
[infom 2025-07-24 11:47:26][D:\Work\project\KunLun\KunLun\MainWindow\custommainwindow.cpp:314] 打开校准界面
[infom 2025-07-24 11:47:35][D:\Work\project\KunLun\KunLun\MainWindow\custommainwindow.cpp:1288] 开始/停止: true
[infom 2025-07-24 11:47:37][D:\Work\project\KunLun\KunLun\MainWindow\custommainwindow.cpp:1288] 开始/停止: false
[infom 2025-07-24 11:52:21][D:\Work\project\KunLun\KunLun\MainWindow\custommainwindow.cpp:1439] 高级保存： 0 , 0 ,img: 1 file: "C:/Users/MS2403/Desktop/TYM/图像.tif"
[infom 2025-07-24 11:52:21][D:\Work\project\KunLun\KunLun\PixelStatistics\tymdatastatistic.cpp:1390] 设置save type: 0
[infom 2025-07-24 11:52:30][D:\Work\project\KunLun\KunLun\MainWindow\custommainwindow.cpp:1288] 开始/停止: true
[infom 2025-07-24 11:52:44][D:\Work\project\KunLun\KunLun\MainWindow\custommainwindow.cpp:1288] 开始/停止: false
[infom 2025-07-24 11:55:45][D:\Work\project\KunLun\KunLun\MainWindow\custommainwindow.cpp:1288] 开始/停止: true
[infom 2025-07-24 11:55:59][D:\Work\project\KunLun\KunLun\MainWindow\custommainwindow.cpp:1288] 开始/停止: false
[infom 2025-07-24 13:37:00][D:\Work\project\KunLun\KunLun\MainWindow\custommainwindow.cpp:1288] 开始/停止: true
[infom 2025-07-24 13:37:11][D:\Work\project\KunLun\KunLun\MainWindow\custommainwindow.cpp:1288] 开始/停止: false
[infom 2025-07-24 13:39:17][D:\Work\project\KunLun\KunLun\MainWindow\custommainwindow.cpp:1288] 开始/停止: true
[infom 2025-07-24 13:39:25][D:\Work\project\KunLun\KunLun\MainWindow\custommainwindow.cpp:1288] 开始/停止: false
[infom 2025-07-24 13:41:07][D:\Work\project\KunLun\KunLun\MainWindow\custommainwindow.cpp:1288] 开始/停止: true
[infom 2025-07-24 13:41:14][D:\Work\project\KunLun\KunLun\MainWindow\custommainwindow.cpp:1288] 开始/停止: false
[infom 2025-07-24 13:42:53][D:\Work\project\KunLun\KunLun\MainWindow\custommainwindow.cpp:1288] 开始/停止: true
[infom 2025-07-24 13:43:00][D:\Work\project\KunLun\KunLun\MainWindow\custommainwindow.cpp:1288] 开始/停止: false
[infom 2025-07-24 13:44:37][D:\Work\project\KunLun\KunLun\MainWindow\custommainwindow.cpp:1288] 开始/停止: true
[infom 2025-07-24 13:44:44][D:\Work\project\KunLun\KunLun\MainWindow\custommainwindow.cpp:1288] 开始/停止: false
[infom 2025-07-24 13:45:34][D:\Work\project\KunLun\KunLun\MainWindow\custommainwindow.cpp:276] 程序关闭#####
[infom 2025-07-24 14:05:16][D:\Work\project\KunLun\KunLun\main.cpp:127] ####启动程序####
[infom 2025-07-24 14:05:17][D:\Work\project\KunLun\KunLun\Main\guide.cpp:114] PanGu sdk: 3.6.3.0
[infom 2025-07-24 14:05:17][D:\Work\project\KunLun\KunLun\Main\guide.cpp:118] FuXi sdk: 1.9.6.5
[infom 2025-07-24 14:05:19][D:\Work\project\KunLun\KunLun\Main\guide_set.cpp:58] 进入PanGu
[infom 2025-07-24 14:05:20][D:\Work\project\KunLun\KunLun\Main\guide_set.cpp:331] init success: QList(0)
[infom 2025-07-24 14:05:20][D:\Work\project\KunLun\KunLun\PANGU\PanGu.cpp:375] "获取系统类型:PANGU"
[infom 2025-07-24 14:05:20][D:\Work\project\KunLun\KunLun\PANGU\PanGu.cpp:406] 获取[系统:  "PANGU" , 能级:  2 , 巨型帧:   , 探测器类型:  "PGD08PB" ]
[infom 2025-07-24 14:05:21][D:\Work\project\KunLun\KunLun\PANGU\PanGu.cpp:435] 设置[energy: 1 ,pixelorder: 0 ,huge: "01" ]
[infom 2025-07-24 14:05:22][D:\Work\project\KunLun\KunLun\PANGU\ordersr.cpp:96] "设置卡片数量 linkid:1,number:5"
[infom 2025-07-24 14:05:22][D:\Work\project\KunLun\KunLun\PANGU\ordersr.cpp:96] "设置卡片数量 linkid:2,number:5"
[infom 2025-07-24 14:05:22][D:\Work\project\KunLun\KunLun\PANGU\ordersr.cpp:96] "设置卡片数量 linkid:3,number:0"
[infom 2025-07-24 14:05:22][D:\Work\project\KunLun\KunLun\PANGU\ordersr.cpp:96] "设置卡片数量 linkid:4,number:0"
[infom 2025-07-24 14:05:22][D:\Work\project\KunLun\KunLun\PANGU\ordersr.cpp:115] "设置每块卡像素数，number:256"
[infom 2025-07-24 14:05:22][D:\Work\project\KunLun\KunLun\PANGU\PanGu.cpp:610] "图像信息,block:32,frameheight:512, framewidth:2560, bytesperpixel:2,bitrange:16"
[infom 2025-07-24 14:05:22][D:\Work\project\KunLun\KunLun\PANGU\PanGu.cpp:626] pixel pitch: 255
[infom 2025-07-24 14:05:22][D:\Work\project\KunLun\KunLun\MainWindow\custommainwindow.cpp:1632] [create: "id:0,systype:20,width:2560,height:512,pixelnum:2560,instance:0" ]
[infom 2025-07-24 14:05:22][D:\Work\project\KunLun\KunLun\ImageDisplay\colormapper.cpp:68] 颜色表大小:  65536
[infom 2025-07-24 14:05:22][D:\Work\project\KunLun\KunLun\ImageDisplay\imagewindow.cpp:886] 壳体： "1515151515151515151515151515151515151515151515151515151515151515"
[infom 2025-07-24 14:05:22][D:\Work\project\KunLun\KunLun\Main\guide_set.cpp:391] Pangu进入主界面
[infom 2025-07-24 14:05:26][D:\Work\project\KunLun\KunLun\MainWindow\custommainwindow.cpp:314] 打开校准界面
[infom 2025-07-24 14:07:14][D:\Work\project\KunLun\KunLun\MainWindow\custommainwindow.cpp:1439] 高级保存： 0 , 0 ,img: 1 file: "C:/Users/MS2403/Desktop/TYM/图像.tif"
[infom 2025-07-24 14:07:14][D:\Work\project\KunLun\KunLun\PixelStatistics\tymdatastatistic.cpp:1390] 设置save type: 0
[infom 2025-07-24 14:07:23][D:\Work\project\KunLun\KunLun\MainWindow\custommainwindow.cpp:1288] 开始/停止: true
[infom 2025-07-24 14:07:30][D:\Work\project\KunLun\KunLun\MainWindow\custommainwindow.cpp:1288] 开始/停止: false
[infom 2025-07-24 14:09:43][D:\Work\project\KunLun\KunLun\MainWindow\custommainwindow.cpp:314] 打开校准界面
[infom 2025-07-24 14:11:06][D:\Work\project\KunLun\KunLun\MainWindow\custommainwindow.cpp:1288] 开始/停止: true
[infom 2025-07-24 14:11:13][D:\Work\project\KunLun\KunLun\MainWindow\custommainwindow.cpp:1288] 开始/停止: false
[infom 2025-07-24 14:12:39][D:\Work\project\KunLun\KunLun\MainWindow\custommainwindow.cpp:1288] 开始/停止: true
[infom 2025-07-24 14:12:47][D:\Work\project\KunLun\KunLun\MainWindow\custommainwindow.cpp:1288] 开始/停止: false
[infom 2025-07-24 14:13:58][D:\Work\project\KunLun\KunLun\MainWindow\custommainwindow.cpp:1288] 开始/停止: true
[infom 2025-07-24 14:14:04][D:\Work\project\KunLun\KunLun\MainWindow\custommainwindow.cpp:1288] 开始/停止: false
[infom 2025-07-24 15:43:54][D:\Work\project\KunLun\KunLun\MainWindow\custommainwindow.cpp:276] 程序关闭#####
